[2026-07-13 00:00:02] Nightly sync started.
[2026-07-13 00:00:02] Copying from C:\Users\javai\Local Sites\gemfind-dl-plugin\app\public\wp-content\plugins\gemfind-ring-builder to D:\work\cursor git\wp-RB-plugin\New-RB-Wordpress-Plugin
[2026-07-13 00:00:03] Committed changes.
[2026-07-13 00:00:07] Pushed to origin/main.
[2026-07-13 00:00:07] Nightly sync completed successfully.
[2026-07-13 00:02:56] Nightly sync started.
[2026-07-13 00:02:56] Copying from C:\Users\javai\Local Sites\gemfind-dl-plugin\app\public\wp-content\plugins\gemfind-ring-builder to D:\work\cursor git\wp-RB-plugin\New-RB-Wordpress-Plugin
[2026-07-13 00:02:56] ERROR: warning: in the working copy of 'scripts/nightly-github-sync.ps1', LF will be replaced by CRLF the next time Git touches it
[2026-07-13 12:00:01] Nightly sync started.
[2026-07-13 12:00:01] Copying from C:\Users\javai\Local Sites\gemfind-dl-plugin\app\public\wp-content\plugins\gemfind-ring-builder to D:\work\cursor git\wp-RB-plugin\New-RB-Wordpress-Plugin
[2026-07-13 12:00:02] [main 439d026] ∩╗┐Nightly sync (2026-07-13): log and housekeeping
 1 file changed, 2 insertions(+)
[2026-07-13 12:00:02] Commit message: Nightly sync (2026-07-13): log and housekeeping
[2026-07-13 12:00:06] Pushed to origin/main.
[2026-07-13 12:00:06] Nightly sync completed successfully.
[2026-07-14 12:00:03] Nightly sync started.
[2026-07-14 12:00:03] Copying from C:\Users\javai\Local Sites\gemfind-dl-plugin\app\public\wp-content\plugins\gemfind-ring-builder to D:\work\cursor git\wp-RB-plugin\New-RB-Wordpress-Plugin
[2026-07-14 12:00:03] [main 44b9101] ∩╗┐Update Code - 14-07-2026
 10 files changed, 401 insertions(+), 23 deletions(-)
 create mode 100644 scripts/patch-v1-add-to-cart.js
 create mode 100644 scripts/patch-v1-sort-direction.js
[2026-07-14 12:00:03] Commit message: Update Code - 14-07-2026
[2026-07-14 12:00:08] Pushed to origin/main.
[2026-07-14 12:00:08] Nightly sync completed successfully.
[2026-07-15 12:00:04] Nightly sync started.
[2026-07-15 12:00:04] Copying from C:\Users\javai\Local Sites\gemfind-dl-plugin\app\public\wp-content\plugins\gemfind-ring-builder to D:\work\cursor git\wp-RB-plugin\New-RB-Wordpress-Plugin
